// Jest Snapshot v1, https://goo.gl/fbAQLP

exports[`Products renders correctly 1`] = `
{
  "asFragment": [Function],
  "baseElement": <body>
    <div>
      <div
        class="vending-machine-container"
      >
        <h1
          class=""
        >
          <svg
            fill="currentColor"
            height="1em"
            stroke="currentColor"
            stroke-width="0"
            viewBox="0 0 24 24"
            width="1em"
            xmlns="http://www.w3.org/2000/svg"
          >
            <path
              d="m20.145 8.27 1.563-1.563-1.414-1.414L18.586 7c-1.05-.63-2.274-1-3.586-1-3.859 0-7 3.14-7 7s3.141 7 7 7 7-3.14 7-7a6.966 6.966 0 0 0-1.855-4.73zM15 18c-2.757 0-5-2.243-5-5s2.243-5 5-5 5 2.243 5 5-2.243 5-5 5z"
            />
            <path
              d="M14 10h2v4h-2zm-1-7h4v2h-4zM3 8h4v2H3zm0 8h4v2H3zm-1-4h3.99v2H2z"
            />
          </svg>
          0
        </h1>
        <div
          class="items"
        >
          <div
            class="items_box "
            data-i18n-refund="refund"
          >
            <img
              alt="cola"
              src="undefined/assets/products/cola.svg"
            />
            <div>
              cola
            </div>
            <div>
              $
              25
            </div>
          </div>
          <div
            class="items_box "
            data-i18n-refund="refund"
          >
            <img
              alt="chips"
              src="undefined/assets/products/chips.svg"
            />
            <div>
              chips
            </div>
            <div>
              $
              20
            </div>
          </div>
          <div
            class="items_box "
            data-i18n-refund="refund"
          >
            <img
              alt="candy"
              src="undefined/assets/products/candy.svg"
            />
            <div>
              candy
            </div>
            <div>
              $
              15
            </div>
          </div>
          <div
            class="items_box "
            data-i18n-refund="refund"
          >
            <img
              alt="popcorn"
              src="undefined/assets/products/popcorn.svg"
            />
            <div>
              popcorn
            </div>
            <div>
              $
              30
            </div>
          </div>
          <div
            class="items_box "
            data-i18n-refund="refund"
          >
            <img
              alt="water"
              src="undefined/assets/products/water.svg"
            />
            <div>
              water
            </div>
            <div>
              $
              5
            </div>
          </div>
          <div
            class="items_box "
            data-i18n-refund="refund"
          >
            <img
              alt="chocolate"
              src="undefined/assets/products/chocolate.svg"
            />
            <div>
              chocolate
            </div>
            <div>
              $
              10
            </div>
          </div>
          <div
            class="items_box "
            data-i18n-refund="refund"
          >
            <img
              alt="bread"
              src="undefined/assets/products/bread.svg"
            />
            <div>
              bread
            </div>
            <div>
              $
              5
            </div>
          </div>
          <div
            class="items_box "
            data-i18n-refund="refund"
          >
            <img
              alt="taco"
              src="undefined/assets/products/taco.svg"
            />
            <div>
              taco
            </div>
            <div>
              $
              60
            </div>
          </div>
          <div
            class="items_box "
            data-i18n-refund="refund"
          >
            <img
              alt="hotdog"
              src="undefined/assets/products/hotdog.svg"
            />
            <div>
              hotdog
            </div>
            <div>
              $
              40
            </div>
          </div>
          <div
            class="items_box "
            data-i18n-refund="refund"
          >
            <img
              alt="coffee"
              src="undefined/assets/products/coffee.svg"
            />
            <div>
              coffee
            </div>
            <div>
              $
              50
            </div>
          </div>
        </div>
        <div
          class="leds"
        >
          <div
            class="tooltip-container"
          >
            <div
              class="leds_green"
            />
          </div>
          <div
            class="tooltip-container"
          >
            <div
              class="leds_blue  "
            />
          </div>
        </div>
      </div>
    </div>
  </body>,
  "container": <div>
    <div
      class="vending-machine-container"
    >
      <h1
        class=""
      >
        <svg
          fill="currentColor"
          height="1em"
          stroke="currentColor"
          stroke-width="0"
          viewBox="0 0 24 24"
          width="1em"
          xmlns="http://www.w3.org/2000/svg"
        >
          <path
            d="m20.145 8.27 1.563-1.563-1.414-1.414L18.586 7c-1.05-.63-2.274-1-3.586-1-3.859 0-7 3.14-7 7s3.141 7 7 7 7-3.14 7-7a6.966 6.966 0 0 0-1.855-4.73zM15 18c-2.757 0-5-2.243-5-5s2.243-5 5-5 5 2.243 5 5-2.243 5-5 5z"
          />
          <path
            d="M14 10h2v4h-2zm-1-7h4v2h-4zM3 8h4v2H3zm0 8h4v2H3zm-1-4h3.99v2H2z"
          />
        </svg>
        0
      </h1>
      <div
        class="items"
      >
        <div
          class="items_box "
          data-i18n-refund="refund"
        >
          <img
            alt="cola"
            src="undefined/assets/products/cola.svg"
          />
          <div>
            cola
          </div>
          <div>
            $
            25
          </div>
        </div>
        <div
          class="items_box "
          data-i18n-refund="refund"
        >
          <img
            alt="chips"
            src="undefined/assets/products/chips.svg"
          />
          <div>
            chips
          </div>
          <div>
            $
            20
          </div>
        </div>
        <div
          class="items_box "
          data-i18n-refund="refund"
        >
          <img
            alt="candy"
            src="undefined/assets/products/candy.svg"
          />
          <div>
            candy
          </div>
          <div>
            $
            15
          </div>
        </div>
        <div
          class="items_box "
          data-i18n-refund="refund"
        >
          <img
            alt="popcorn"
            src="undefined/assets/products/popcorn.svg"
          />
          <div>
            popcorn
          </div>
          <div>
            $
            30
          </div>
        </div>
        <div
          class="items_box "
          data-i18n-refund="refund"
        >
          <img
            alt="water"
            src="undefined/assets/products/water.svg"
          />
          <div>
            water
          </div>
          <div>
            $
            5
          </div>
        </div>
        <div
          class="items_box "
          data-i18n-refund="refund"
        >
          <img
            alt="chocolate"
            src="undefined/assets/products/chocolate.svg"
          />
          <div>
            chocolate
          </div>
          <div>
            $
            10
          </div>
        </div>
        <div
          class="items_box "
          data-i18n-refund="refund"
        >
          <img
            alt="bread"
            src="undefined/assets/products/bread.svg"
          />
          <div>
            bread
          </div>
          <div>
            $
            5
          </div>
        </div>
        <div
          class="items_box "
          data-i18n-refund="refund"
        >
          <img
            alt="taco"
            src="undefined/assets/products/taco.svg"
          />
          <div>
            taco
          </div>
          <div>
            $
            60
          </div>
        </div>
        <div
          class="items_box "
          data-i18n-refund="refund"
        >
          <img
            alt="hotdog"
            src="undefined/assets/products/hotdog.svg"
          />
          <div>
            hotdog
          </div>
          <div>
            $
            40
          </div>
        </div>
        <div
          class="items_box "
          data-i18n-refund="refund"
        >
          <img
            alt="coffee"
            src="undefined/assets/products/coffee.svg"
          />
          <div>
            coffee
          </div>
          <div>
            $
            50
          </div>
        </div>
      </div>
      <div
        class="leds"
      >
        <div
          class="tooltip-container"
        >
          <div
            class="leds_green"
          />
        </div>
        <div
          class="tooltip-container"
        >
          <div
            class="leds_blue  "
          />
        </div>
      </div>
    </div>
  </div>,
  "debug": [Function],
  "findAllByAltText": [Function],
  "findAllByDisplayValue": [Function],
  "findAllByLabelText": [Function],
  "findAllByPlaceholderText": [Function],
  "findAllByRole": [Function],
  "findAllByTestId": [Function],
  "findAllByText": [Function],
  "findAllByTitle": [Function],
  "findByAltText": [Function],
  "findByDisplayValue": [Function],
  "findByLabelText": [Function],
  "findByPlaceholderText": [Function],
  "findByRole": [Function],
  "findByTestId": [Function],
  "findByText": [Function],
  "findByTitle": [Function],
  "getAllByAltText": [Function],
  "getAllByDisplayValue": [Function],
  "getAllByLabelText": [Function],
  "getAllByPlaceholderText": [Function],
  "getAllByRole": [Function],
  "getAllByTestId": [Function],
  "getAllByText": [Function],
  "getAllByTitle": [Function],
  "getByAltText": [Function],
  "getByDisplayValue": [Function],
  "getByLabelText": [Function],
  "getByPlaceholderText": [Function],
  "getByRole": [Function],
  "getByTestId": [Function],
  "getByText": [Function],
  "getByTitle": [Function],
  "queryAllByAltText": [Function],
  "queryAllByDisplayValue": [Function],
  "queryAllByLabelText": [Function],
  "queryAllByPlaceholderText": [Function],
  "queryAllByRole": [Function],
  "queryAllByTestId": [Function],
  "queryAllByText": [Function],
  "queryAllByTitle": [Function],
  "queryByAltText": [Function],
  "queryByDisplayValue": [Function],
  "queryByLabelText": [Function],
  "queryByPlaceholderText": [Function],
  "queryByRole": [Function],
  "queryByTestId": [Function],
  "queryByText": [Function],
  "queryByTitle": [Function],
  "rerender": [Function],
  "unmount": [Function],
}
`;
